// Vitest Snapshot v1, https://vitest.dev/guide/snapshot.html

exports[`Button > renders Button snapshot 1`] = `
<div>
  <button
    class="font-medium rounded-lg focus:z-10 focus:ring-4 focus:outline-none text-center px-5 py-2.5 text-sm text-white bg-blue-700 hover:bg-blue-800 focus:ring-blue-300 dark:bg-blue-600 dark:hover:bg-blue-700 dark:focus:ring-blue-800"
    type="button"
  >
    Snapshot
  </button>
</div>
`;
